#0 building with "desktop-linux" instance using docker driver

#1 [internal] load build definition from Dockerfile
#1 transferring dockerfile: 219B done
#1 DONE 0.0s

#2 resolve image config for docker-image://docker.io/docker/dockerfile:1
#2 ...

#3 [auth] docker/dockerfile:pull token for registry-1.docker.io
#3 DONE 0.0s

#2 resolve image config for docker-image://docker.io/docker/dockerfile:1
#2 DONE 0.7s

#4 docker-image://docker.io/docker/dockerfile:1@sha256:ecfaec9ed6d810b56388c508f4121597bfbba70d41a6dfeee4d8cad5f295fc32
#4 CACHED

#5 [internal] load metadata for docker.io/library/alpine:3.22
#5 ...

#6 [auth] library/alpine:pull token for registry-1.docker.io
#6 DONE 0.0s

#5 [internal] load metadata for docker.io/library/alpine:3.22
#5 DONE 0.6s

#7 [internal] load .dockerignore
#7 transferring context: 77B done
#7 DONE 0.0s

#8 [1/3] FROM docker.io/library/alpine:3.22@sha256:14358309a308569c32bdc37e2e0e9694be33a9d99e68afb0f5ff33cc1f695dce
#8 DONE 0.0s

#9 [internal] load build context
#9 transferring context: 424B done
#9 DONE 0.0s

#10 [2/3] WORKDIR /app
#10 CACHED

#11 [3/3] COPY . .
#11 DONE 0.0s

#12 exporting to image
#12 exporting layers 0.0s done
#12 writing image sha256:fab69c098770d38e66a9f30d78b666878451d1fc9cec862c512cc905deb8fa6e
#12 writing image sha256:fab69c098770d38e66a9f30d78b666878451d1fc9cec862c512cc905deb8fa6e done
#12 naming to docker.io/library/context-lab:after done
#12 DONE 0.0s
