#0 building with "desktop-linux" instance using docker driver

#1 [internal] load build definition from Dockerfile
#1 transferring dockerfile: 219B 0.0s done
#1 DONE 0.0s

#2 resolve image config for docker-image://docker.io/docker/dockerfile:1
#2 ...

#3 [auth] docker/dockerfile:pull token for registry-1.docker.io
#3 DONE 0.0s

#2 resolve image config for docker-image://docker.io/docker/dockerfile:1
#2 DONE 0.9s

#4 docker-image://docker.io/docker/dockerfile:1@sha256:ecfaec9ed6d810b56388c508f4121597bfbba70d41a6dfeee4d8cad5f295fc32
#4 CACHED

#5 [internal] load metadata for docker.io/library/alpine:3.22
#5 ...

#6 [auth] library/alpine:pull token for registry-1.docker.io
#6 DONE 0.0s

#5 [internal] load metadata for docker.io/library/alpine:3.22
#5 DONE 0.9s

#7 [internal] load .dockerignore
#7 transferring context: 2B done
#7 DONE 0.0s

#8 [1/3] FROM docker.io/library/alpine:3.22@sha256:14358309a308569c32bdc37e2e0e9694be33a9d99e68afb0f5ff33cc1f695dce
#8 resolve docker.io/library/alpine:3.22@sha256:14358309a308569c32bdc37e2e0e9694be33a9d99e68afb0f5ff33cc1f695dce 0.0s done
#8 ...

#9 [internal] load build context
#9 transferring context: 2.10MB 0.1s done
#9 DONE 0.1s

#8 [1/3] FROM docker.io/library/alpine:3.22@sha256:14358309a308569c32bdc37e2e0e9694be33a9d99e68afb0f5ff33cc1f695dce
#8 sha256:14358309a308569c32bdc37e2e0e9694be33a9d99e68afb0f5ff33cc1f695dce 9.22kB / 9.22kB done
#8 sha256:7c8cb692ae09657cbc4a3f3cbd0e8d5a2690ba38386aaaf252dbb060bf5eb2e6 1.02kB / 1.02kB done
#8 sha256:b66e0ce64844f5c6435b0c4bfd965558199ab0f53270846861c979cb1ac29365 611B / 611B done
#8 sha256:f7ee36c9aa34bbb665f975c76e5c0d1607f0674b94c84cfb0061f87006ea5d10 0B / 3.79MB 0.1s
#8 extracting sha256:f7ee36c9aa34bbb665f975c76e5c0d1607f0674b94c84cfb0061f87006ea5d10
#8 sha256:f7ee36c9aa34bbb665f975c76e5c0d1607f0674b94c84cfb0061f87006ea5d10 3.79MB / 3.79MB 0.2s done
#8 extracting sha256:f7ee36c9aa34bbb665f975c76e5c0d1607f0674b94c84cfb0061f87006ea5d10 0.2s done
#8 DONE 0.5s

#10 [2/3] WORKDIR /app
#10 DONE 0.0s

#11 [3/3] COPY . .
#11 DONE 0.0s

#12 exporting to image
#12 exporting layers 0.0s done
#12 writing image sha256:26fff80b0b1eeb5a636caeb8810c3009a81a3b1c9637c3afab41a58eda2ddcac
#12 writing image sha256:26fff80b0b1eeb5a636caeb8810c3009a81a3b1c9637c3afab41a58eda2ddcac done
#12 naming to docker.io/library/context-lab:before done
#12 DONE 0.1s
